[info]: Automated::run
[info]: Automated::test
[info]: Ws\Http\Automated\Task Object
(
    [id:Ws\Http\Automated\Task:private] => EtSAqRw4Sx5YFD3CYyq
    [name:Ws\Http\Automated\Task:private] => 夜点娱乐
    [type:Ws\Http\Automated\Task:private] => 0
    [body:Ws\Http\Automated\Task:private] => Ws\Http\Automated\Task\Body Object
        (
            [vars:Ws\Http\Automated\Task\Body:private] => Array
                (
                    [token] => 1
                    [openid] => 
                    [userid] => 0
                    [city] => 440100
                    [searchKtvName] => 金柜
                    [bookingKtvId] => 
                    [bookingRoomtype] => 
                    [bookingStart] => 
                    [bookingEnd] => 
                    [bookingDay] => 
                    [loginCookie] => 
                )

            [requests:Ws\Http\Automated\Task\Body:private] => Array
                (
                    [0] => Ws\Http\Automated\Task\Request Object
                        (
                            [id:Ws\Http\Automated\Task\Request:private] => 1471348763956
                            [name:Ws\Http\Automated\Task\Request:private] => 微信用户登录token获取
                            [type:Ws\Http\Automated\Task\Request:private] => 1
                            [url] => http://letsktv.chinacloudapp.cn/user/oauthlogin
                            [protocol] => http
                            [method] => POST
                            [authorization] => 
                            [proxy] => 
                            [headers] => Array
                                (
                                    [Content-Type] => application/json
                                )

                            [data] => {"type":"wechat","openid":"dddddddokwyOwsZZhu7_3zIQNtfB9r3CKhE","display_name":"\u7275\u732a\u7684\u4ed3\u9f20","avatar_url":"http://wx.qlogo.cn/mmopen/JQpUg1oh5aelkvzXvcicURj0n4WzKJqBPr4RPjG6L9wyrKhGGKV1iaB4NJLod8Jn5y8ZCTCqIPED6l3av2iaEX3C88s1TaRLsA6/0"}
                        )

                    [1] => Ws\Http\Automated\Task\Request Object
                        (
                            [id:Ws\Http\Automated\Task\Request:private] => 1471348763962
                            [name:Ws\Http\Automated\Task\Request:private] => 根据token获取用户信息
                            [type:Ws\Http\Automated\Task\Request:private] => 1
                            [url] => http://letsktv.chinacloudapp.cn/user/info
                            [protocol] => http
                            [method] => GET
                            [authorization] => 
                            [proxy] => 
                            [headers] => Array
                                (
                                    [Content-Type] => text/plain
                                )

                        )

                    [2] => Ws\Http\Automated\Task\Request Object
                        (
                            [id:Ws\Http\Automated\Task\Request:private] => 1471354174497
                            [name:Ws\Http\Automated\Task\Request:private] => 按名称搜索KTV
                            [type:Ws\Http\Automated\Task\Request:private] => 1
                            [url] => http://letsktv.chinacloudapp.cn/booking/xktvsearchlist
                            [protocol] => http
                            [method] => GET
                            [authorization] => 
                            [proxy] => 
                            [headers] => Array
                                (
                                    [Content-Type] => text/plain
                                )

                            [data] => Array
                                (
                                    [offset] => 0
                                    [city] => ${city}
                                    [limit] => 27
                                    [name] => ${searchKtvName}
                                )

                        )

                    [3] => Ws\Http\Automated\Task\Request Object
                        (
                            [id:Ws\Http\Automated\Task\Request:private] => 1471356911011
                            [name:Ws\Http\Automated\Task\Request:private] => 选择具体门店
                            [type:Ws\Http\Automated\Task\Request:private] => 1
                            [url] => http://letsktv.chinacloudapp.cn/booking/xktv
                            [protocol] => http
                            [method] => GET
                            [authorization] => 
                            [proxy] => 
                            [headers] => Array
                                (
                                    [Content-Type] => text/plain
                                )

                            [data] => Array
                                (
                                    [xktvid] => ${bookingKtvId}
                                )

                        )

                    [4] => Ws\Http\Automated\Task\Request Object
                        (
                            [id:Ws\Http\Automated\Task\Request:private] => 1471358836839
                            [name:Ws\Http\Automated\Task\Request:private] => 提交订单
                            [type:Ws\Http\Automated\Task\Request:private] => 1
                            [url] => http://letsktv.chinacloudapp.cn/booking/submitorder_new
                            [protocol] => http
                            [method] => POST
                            [authorization] => 
                            [proxy] => 
                            [headers] => Array
                                (
                                    [Content-Type] => application/json
                                )

                            [data] => {"ktvid":"${bookingKtvId}","roomtype":"${bookingRoomtype}","starttime":"${bookingDay} ${bookingStart}:00","endtime":"${bookingDay} ${bookingEnd}:00","couponid":0,"taocantype":1,"taocanid":"","onlinepay":0}
                        )

                )

        )

)

